{
    "test_phyloflash_single_end -- stub": {
        "content": [
            {
                "0": [
                    [
                        {
                            "id": "test",
                            "single_end": true
                        },
                        [
                            "test.SSU.collection.fasta:md5,d41d8cd98f00b204e9800998ecf8427e",
                            "test.phyloFlash:md5,d41d8cd98f00b204e9800998ecf8427e"
                        ]
                    ]
                ],
                "1": [
                    "versions.yml:md5,f508dc3d229d5278006a976e32784a84"
                ],
                "results": [
                    [
                        {
                            "id": "test",
                            "single_end": true
                        },
                        [
                            "test.SSU.collection.fasta:md5,d41d8cd98f00b204e9800998ecf8427e",
                            "test.phyloFlash:md5,d41d8cd98f00b204e9800998ecf8427e"
                        ]
                    ]
                ],
                "versions": [
                    "versions.yml:md5,f508dc3d229d5278006a976e32784a84"
                ]
            }
        ],
        "meta": {
            "nf-test": "0.9.2",
            "nextflow": "24.10.6"
        },
        "timestamp": "2025-05-13T15:22:36.509231028"
    }
}