{
    "all - stub": {
        "content": [
            {
                "0": [
                    [
                        {
                            "id": "test"
                        },
                        [
                            "test_scaffold_1.png:md5,d41d8cd98f00b204e9800998ecf8427e",
                            "test_scaffold_2.png:md5,d41d8cd98f00b204e9800998ecf8427e",
                            "test_scaffold_3.png:md5,d41d8cd98f00b204e9800998ecf8427e",
                            "test_scaffold_4.png:md5,d41d8cd98f00b204e9800998ecf8427e"
                        ]
                    ]
                ],
                "1": [
                    "versions.yml:md5,206056d9a8df54979d38070843215c7e"
                ],
                "image": [
                    [
                        {
                            "id": "test"
                        },
                        [
                            "test_scaffold_1.png:md5,d41d8cd98f00b204e9800998ecf8427e",
                            "test_scaffold_2.png:md5,d41d8cd98f00b204e9800998ecf8427e",
                            "test_scaffold_3.png:md5,d41d8cd98f00b204e9800998ecf8427e",
                            "test_scaffold_4.png:md5,d41d8cd98f00b204e9800998ecf8427e"
                        ]
                    ]
                ],
                "versions": [
                    "versions.yml:md5,206056d9a8df54979d38070843215c7e"
                ]
            },
            {
                "PRETEXTSNAPSHOT": {
                    "pretextsnapshot": "0.0.4"
                }
            }
        ],
        "meta": {
            "nf-test": "0.9.2",
            "nextflow": "24.10.6"
        },
        "timestamp": "2025-05-12T09:10:57.121056184"
    },
    "full": {
        "content": [
            [
                "test_FullMap.png"
            ],
            [
                "versions.yml:md5,206056d9a8df54979d38070843215c7e"
            ],
            {
                "PRETEXTSNAPSHOT": {
                    "pretextsnapshot": "0.0.4"
                }
            }
        ],
        "meta": {
            "nf-test": "0.9.2",
            "nextflow": "24.10.6"
        },
        "timestamp": "2025-05-12T09:10:44.78025302"
    }
}