{
    "fcsgx-test-data - test-manifest - stub": {
        "content": [
            {
                "0": [
                    "gxdb_test-only:md5,d41d8cd98f00b204e9800998ecf8427e"
                ],
                "1": [
                    "versions.yml:md5,0e5d3684fcd0d76d54d44861b5414e08"
                ],
                "database": [
                    "gxdb_test-only:md5,d41d8cd98f00b204e9800998ecf8427e"
                ],
                "versions": [
                    "versions.yml:md5,0e5d3684fcd0d76d54d44861b5414e08"
                ]
            }
        ],
        "meta": {
            "nf-test": "0.9.2",
            "nextflow": "24.10.4"
        },
        "timestamp": "2025-05-08T14:04:32.615706"
    },
    "fcsgx-test-data - test-manifest": {
        "content": [
            [
                "test-only.blast_div.tsv.gz",
                "test-only.gxi",
                "test-only.gxs",
                "test-only.manifest",
                "test-only.meta.jsonl",
                "test-only.seq_info.tsv.gz",
                "test-only.taxa.tsv"
            ],
            [
                "versions.yml:md5,0e5d3684fcd0d76d54d44861b5414e08"
            ]
        ],
        "meta": {
            "nf-test": "0.9.2",
            "nextflow": "24.10.4"
        },
        "timestamp": "2025-05-08T14:04:16.646087"
    }
}